// Jest Snapshot v1, https://goo.gl/fbAQLP

exports[`<GifItem /> unit testing Match with snapshot 1`] = `
<div>
  <div
    class="card"
  >
    <img
      alt="Sailor Moon"
      src="https://unicornio.dev/"
    />
    <p>
      Sailor Moon
    </p>
  </div>
</div>
`;
